ARM Linker, 4.1 [Build 791] [Professional (MDK + RL-ARM)]

==============================================================================

Section Cross References

    system_lpc17xx.o(.text) refers to system_lpc17xx.o(.data) for .data
    startup_lpc17xx.o(STACK) refers (Special) to heapauxi.o(.text) for __use_two_region_memory
    startup_lpc17xx.o(HEAP) refers (Special) to heapauxi.o(.text) for __use_two_region_memory
    startup_lpc17xx.o(RESET) refers (Special) to heapauxi.o(.text) for __use_two_region_memory
    startup_lpc17xx.o(RESET) refers to startup_lpc17xx.o(STACK) for __initial_sp
    startup_lpc17xx.o(RESET) refers to startup_lpc17xx.o(.text) for Reset_Handler
    startup_lpc17xx.o(RESET) refers to bsp_timer.o(.text) for SysTick_Handler
    startup_lpc17xx.o(RESET) refers to i2cint.o(.text) for I2C1_IRQHandler
    startup_lpc17xx.o(.ARM.__at_0x02FC) refers (Special) to heapauxi.o(.text) for __use_two_region_memory
    startup_lpc17xx.o(.text) refers (Special) to heapauxi.o(.text) for __use_two_region_memory
    startup_lpc17xx.o(.text) refers to __main.o(!!!main) for __main
    startup_lpc17xx.o(.text) refers to startup_lpc17xx.o(HEAP) for Heap_Mem
    startup_lpc17xx.o(.text) refers to startup_lpc17xx.o(STACK) for Stack_Mem
    main.o(.text) refers to _printf_percent.o(.ARM.Collect$$_printf_percent$$00000000) for _printf_percent
    main.o(.text) refers to _printf_d.o(.ARM.Collect$$_printf_percent$$00000009) for _printf_d
    main.o(.text) refers to _printf_dec.o(.text) for _printf_int_dec
    main.o(.text) refers to _printf_pad.o(.text) for _printf_pre_padding
    main.o(.text) refers to __2sprintf.o(.text) for __2sprintf
    main.o(.text) refers to uart0.o(.text) for uart0SendStr
    main.o(.text) refers to bsp_gpioout.o(.text) for bsp_BeepToggled
    main.o(.text) refers to bsp_timer.o(.text) for BspDelayMS
    main.o(.text) refers to mpu6050_user.o(.text) for HandleMPU6050Data2
    main.o(.text) refers to nrf24l01.o(.text) for NRFSndDate
    main.o(.text) refers to iap.o(.text) for SelSector
    main.o(.text) refers to main.o(.bss) for .bss
    main.o(.text) refers to main.o(.data) for .data
    main.o(.text) refers to main.o(.constdata) for .constdata
    main.o(.text) refers to system_lpc17xx.o(.text) for SystemInit
    main.o(.text) refers to bsp_key.o(.text) for bsp_InitButton
    main.o(.text) refers to i2cint.o(.text) for i2c1Init
    main.o(.text) refers to pt2260.o(.text) for PT2260Init
    main.o(.text) refers to system_lpc17xx.o(.data) for SystemFrequency
    iap.o(.text) refers to iap.o(.bss) for .bss
    iap.o(.text) refers to system_lpc17xx.o(.data) for SystemFrequency
    bsp_timer.o(.text) refers to bsp_key.o(.text) for bsp_KeyPro
    bsp_timer.o(.text) refers to bsp_timer.o(.bss) for .bss
    bsp_timer.o(.text) refers to system_lpc17xx.o(.data) for SystemFrequency
    bsp_timer.o(.text) refers to bsp_timer.o(.data) for .data
    i2cint.o(.text) refers to i2cint.o(.data) for .data
    i2cint.o(.text) refers to system_lpc17xx.o(.data) for SystemFrequency
    uart0.o(.text) refers to system_lpc17xx.o(.data) for SystemFrequency
    nrf24l01.o(.text) refers to nrf24l01.o(.data) for .data
    mpu6050_user.o(.text) refers to _printf_pad.o(.text) for _printf_pre_padding
    mpu6050_user.o(.text) refers to _printf_percent.o(.ARM.Collect$$_printf_percent$$00000000) for _printf_percent
    mpu6050_user.o(.text) refers to _printf_d.o(.ARM.Collect$$_printf_percent$$00000009) for _printf_d
    mpu6050_user.o(.text) refers to _printf_dec.o(.text) for _printf_int_dec
    mpu6050_user.o(.text) refers to inv_mpu_dmp_motion_driver.o(.text) for dmp_read_fifo
    mpu6050_user.o(.text) refers to fflt_clz.o(x$fpl$fflt) for __aeabi_i2f
    mpu6050_user.o(.text) refers to scalbnf.o(x$fpl$scalbnf) for __ARM_scalbnf
    mpu6050_user.o(.text) refers to fmul.o(x$fpl$fmul) for __aeabi_fmul
    mpu6050_user.o(.text) refers to faddsub_clz.o(x$fpl$fadd) for __aeabi_fadd
    mpu6050_user.o(.text) refers to f2d.o(x$fpl$f2d) for __aeabi_f2d
    mpu6050_user.o(.text) refers to asin.o(i.asin) for asin
    mpu6050_user.o(.text) refers to dmul.o(x$fpl$dmul) for __aeabi_dmul
    mpu6050_user.o(.text) refers to dfix.o(x$fpl$dfix) for __aeabi_d2iz
    mpu6050_user.o(.text) refers to faddsub_clz.o(x$fpl$fsub) for __aeabi_fsub
    mpu6050_user.o(.text) refers to atan2.o(i.atan2) for atan2
    mpu6050_user.o(.text) refers to lludivv7m.o(.text) for __aeabi_uldivmod
    mpu6050_user.o(.text) refers to __2sprintf.o(.text) for __2sprintf
    mpu6050_user.o(.text) refers to uart0.o(.text) for uart0SendStr
    mpu6050_user.o(.text) refers to nrf24l01.o(.text) for NRFSndDate
    mpu6050_user.o(.text) refers to mpu6050_user.o(.data) for .data
    mpu6050_user.o(.text) refers to main.o(.data) for gLen
    mpu6050_user.o(.text) refers to main.o(.bss) for buf
    mpu6050_user.o(.text) refers to inv_mpu.o(.text) for mpu_init
    mpu6050_user.o(.text) refers to ffix.o(x$fpl$ffix) for __aeabi_f2iz
[...]
    ../../angel/kernel.s                     0x00000000   Number         0  rtentry2.o ABSOLUTE
    ../../angel/kernel.s                     0x00000000   Number         0  rtentry4.o ABSOLUTE
    ../../angel/kernel.s                     0x00000000   Number         0  rtentry.o ABSOLUTE
    ../../angel/kernel.s                     0x00000000   Number         0  rtexit.o ABSOLUTE
    ../../angel/kernel.s                     0x00000000   Number         0  rtexit2.o ABSOLUTE
    ../../angel/rt.s                         0x00000000   Number         0  aeabi_ldiv0.o ABSOLUTE
    ../../angel/rt.s                         0x00000000   Number         0  rt_raise.o ABSOLUTE
    ../../angel/rt.s                         0x00000000   Number         0  rt_errno_addr_intlibspace.o ABSOLUTE
    ../../angel/rt.s                         0x00000000   Number         0  rt_errno_addr.o ABSOLUTE
    ../../angel/rt.s                         0x00000000   Number         0  rt_div0.o ABSOLUTE
    ../../angel/rt.s                         0x00000000   Number         0  aeabi_ldiv0_sigfpe.o ABSOLUTE
    ../../angel/rt.s                         0x00000000   Number         0  rt_fp_status_addr_intlibspace.o ABSOLUTE
    ../../angel/rt.s                         0x00000000   Number         0  rt_fp_status_addr.o ABSOLUTE
    ../../angel/scatter.s                    0x00000000   Number         0  __scatter.o ABSOLUTE
    ../../angel/startup.s                    0x00000000   Number         0  __main.o ABSOLUTE
    ../../angel/sys.s                        0x00000000   Number         0  use_no_semi.o ABSOLUTE
    ../../angel/sys.s                        0x00000000   Number         0  indicate_semi.o ABSOLUTE
    ../../angel/sys.s                        0x00000000   Number         0  libspace.o ABSOLUTE
    ../../angel/sys.s                        0x00000000   Number         0  sys_stackheap_outer.o ABSOLUTE
    ../../angel/sysapp.c                     0x00000000   Number         0  sys_command.o ABSOLUTE
    ../../angel/sysapp.c                     0x00000000   Number         0  sys_wrch.o ABSOLUTE
    ../../angel/sysapp.c                     0x00000000   Number         0  sys_exit.o ABSOLUTE
    ../../armsys.c                           0x00000000   Number         0  argv_veneer.o ABSOLUTE
    ../../armsys.c                           0x00000000   Number         0  argv_veneer.o ABSOLUTE
    ../../armsys.c                           0x00000000   Number         0  no_argv.o ABSOLUTE
    ../../armsys.c                           0x00000000   Number         0  _get_argv_nomalloc.o ABSOLUTE
    ../../asin.c                             0x00000000   Number         0  asin_x.o ABSOLUTE
    ../../asin.c                             0x00000000   Number         0  asin.o ABSOLUTE
    ../../atan.c                             0x00000000   Number         0  atan.o ABSOLUTE
    ../../atan.c                             0x00000000   Number         0  atan_x.o ABSOLUTE
    ../../atan2.c                            0x00000000   Number         0  atan2.o ABSOLUTE
    ../../atan2.c                            0x00000000   Number         0  atan2_x.o ABSOLUTE
    ../../daddsub.s                          0x00000000   Number         0  daddsub_clz.o ABSOLUTE
    ../../dcheck1.s                          0x00000000   Number         0  dcheck1.o ABSOLUTE
    ../../dcmpi.s                            0x00000000   Number         0  dcmpi.o ABSOLUTE
    ../../ddiv.s                             0x00000000   Number         0  ddiv.o ABSOLUTE
    ../../dfix.s                             0x00000000   Number         0  dfix.o ABSOLUTE
    ../../dleqf.s                            0x00000000   Number         0  dleqf.o ABSOLUTE
    ../../dmul.s                             0x00000000   Number         0  dmul.o ABSOLUTE
    ../../dnaninf.s                          0x00000000   Number         0  dnaninf.o ABSOLUTE
    ../../dretinf.s                          0x00000000   Number         0  dretinf.o ABSOLUTE
    ../../dsqrt.s                            0x00000000   Number         0  dsqrt_noumaal.o ABSOLUTE
    ../../dunder.c                           0x00000000   Number         0  dunder.o ABSOLUTE
    ../../f2d.s                              0x00000000   Number         0  f2d.o ABSOLUTE
    ../../faddsub.s                          0x00000000   Number         0  faddsub_clz.o ABSOLUTE
    ../../fcheck1.s                          0x00000000   Number         0  fcheck1.o ABSOLUTE
    ../../fdiv.s                             0x00000000   Number         0  fdiv.o ABSOLUTE
    ../../fenv.c                             0x00000000   Number         0  _rserrno.o ABSOLUTE
    ../../ffix.s                             0x00000000   Number         0  ffix.o ABSOLUTE
    ../../ffixu.s                            0x00000000   Number         0  ffixu.o ABSOLUTE
    ../../fflt.s                             0x00000000   Number         0  fflt_clz.o ABSOLUTE
    ../../fmul.s                             0x00000000   Number         0  fmul.o ABSOLUTE
    ../../fnaninf.s                          0x00000000   Number         0  fnaninf.o ABSOLUTE
    ../../fpclassify.c                       0x00000000   Number         0  fpclassify.o ABSOLUTE
    ../../fpinit.s                           0x00000000   Number         0  fpinit.o ABSOLUTE
    ../../fretinf.s                          0x00000000   Number         0  fretinf.o ABSOLUTE
    ../../heapalloc.c                        0x00000000   Number         0  hrguard.o ABSOLUTE
    ../../heapaux.c                          0x00000000   Number         0  heapauxi.o ABSOLUTE
    ../../libinit.s                          0x00000000   Number         0  libshutdown.o ABSOLUTE
    ../../libinit.s                          0x00000000   Number         0  libshutdown2.o ABSOLUTE
    ../../libinit.s                          0x00000000   Number         0  libinit2.o ABSOLUTE
    ../../libinit.s                          0x00000000   Number         0  libinit.o ABSOLUTE
    ../../longlong.s                         0x00000000   Number         0  lludivv7m.o ABSOLUTE
    ../../longlong.s                         0x00000000   Number         0  llsdiv.o ABSOLUTE
    ../../memcpset.s                         0x00000000   Number         0  aeabi_memset.o ABSOLUTE
    ../../memcpset.s                         0x00000000   Number         0  rt_memclr_w.o ABSOLUTE
    ../../memcpset.s                         0x00000000   Number         0  rt_memclr.o ABSOLUTE
    ../../misc.s                             0x00000000   Number         0  printf_stubs.o ABSOLUTE
    ../../poly.c                             0x00000000   Number         0  poly.o ABSOLUTE
    ../../printf.c                           0x00000000   Number         0  __printf_flags.o ABSOLUTE
    ../../printf.c                           0x00000000   Number         0  __printf_ss.o ABSOLUTE
    ../../printf.c                           0x00000000   Number         0  __printf_flags_ss.o ABSOLUTE
    ../../printf.c                           0x00000000   Number         0  __printf_wp.o ABSOLUTE
    ../../printf.c                           0x00000000   Number         0  __printf_flags_wp.o ABSOLUTE
    ../../printf.c                           0x00000000   Number         0  __printf_ss_wp.o ABSOLUTE
    ../../printf.c                           0x00000000   Number         0  __printf_flags_ss_wp.o ABSOLUTE
    ../../printf.c                           0x00000000   Number         0  __printf_nopercent.o ABSOLUTE
    ../../printf.c                           0x00000000   Number         0  _sputc.o ABSOLUTE
    ../../printf.c                           0x00000000   Number         0  _printf_intcommon.o ABSOLUTE
    ../../printf.c                           0x00000000   Number         0  _printf_char_common.o ABSOLUTE
    ../../printf.c                           0x00000000   Number         0  noretval__2sprintf.o ABSOLUTE
    ../../printf.c                           0x00000000   Number         0  __2sprintf.o ABSOLUTE
    ../../printf.c                           0x00000000   Number         0  __printf.o ABSOLUTE
    ../../printf.c                           0x00000000   Number         0  _printf_pad.o ABSOLUTE
    ../../printf.c                           0x00000000   Number         0  _printf_dec.o ABSOLUTE
    ../../printf_percent.s                   0x00000000   Number         0  _printf_d.o ABSOLUTE
    ../../printf_percent.s                   0x00000000   Number         0  _printf_percent.o ABSOLUTE
    ../../printf_percent.s                   0x00000000   Number         0  _printf_percent_end.o ABSOLUTE
    ../../qnan.c                             0x00000000   Number         0  qnan.o ABSOLUTE
    ../../retnan.s                           0x00000000   Number         0  retnan.o ABSOLUTE
    ../../scalbn.s                           0x00000000   Number         0  scalbn.o ABSOLUTE
    ../../scalbnf.s                          0x00000000   Number         0  scalbnf.o ABSOLUTE
    ../../signal.c                           0x00000000   Number         0  defsig_fpe_outer.o ABSOLUTE
    ../../signal.c                           0x00000000   Number         0  __raise.o ABSOLUTE
    ../../signal.c                           0x00000000   Number         0  defsig_general.o ABSOLUTE
    ../../signal.c                           0x00000000   Number         0  defsig_exit.o ABSOLUTE
    ../../signal.c                           0x00000000   Number         0  defsig_abrt_inner.o ABSOLUTE
    ../../signal.c                           0x00000000   Number         0  defsig_rtmem_formal.o ABSOLUTE
    ../../signal.c                           0x00000000   Number         0  defsig_stak_inner.o ABSOLUTE
    ../../signal.c                           0x00000000   Number         0  defsig_pvfn_inner.o ABSOLUTE
    ../../signal.c                           0x00000000   Number         0  defsig_cppl_inner.o ABSOLUTE
    ../../signal.c                           0x00000000   Number         0  defsig_rtmem_inner.o ABSOLUTE
    ../../signal.c                           0x00000000   Number         0  defsig_segv_inner.o ABSOLUTE
    ../../signal.c                           0x00000000   Number         0  defsig_other.o ABSOLUTE
    ../../signal.c                           0x00000000   Number         0  defsig_rtred_inner.o ABSOLUTE
    ../../signal.c                           0x00000000   Number         0  defsig_rtmem_outer.o ABSOLUTE
    ../../signal.c                           0x00000000   Number         0  defsig_fpe_inner.o ABSOLUTE
    ../../signal.c                           0x00000000   Number         0  defsig_fpe_formal.o ABSOLUTE
    ../../signal.s                           0x00000000   Number         0  defsig.o ABSOLUTE
    ../../sqrt.c                             0x00000000   Number         0  sqrt.o ABSOLUTE
    ../../sqrt.c                             0x00000000   Number         0  sqrt_x.o ABSOLUTE
    ../../stdlib.c                           0x00000000   Number         0  exit.o ABSOLUTE
    ../../string.c                           0x00000000   Number         0  memcmp.o ABSOLUTE
    ../../trapv.s                            0x00000000   Number         0  trapv.o ABSOLUTE
    ../../usenofp.s                          0x00000000   Number         0  usenofp.o ABSOLUTE
    Board\I2CINT.c                           0x00000000   Number         0  i2cint.o ABSOLUTE
    Board\IAP.c                              0x00000000   Number         0  iap.o ABSOLUTE
    Board\MPU6050_user.c                     0x00000000   Number         0  mpu6050_user.o ABSOLUTE
    Board\NRF24L01.c                         0x00000000   Number         0  nrf24l01.o ABSOLUTE
    Board\PT2260.c                           0x00000000   Number         0  pt2260.o ABSOLUTE
    Board\UART0.c                            0x00000000   Number         0  uart0.o ABSOLUTE
    Board\bsp_gpioout.c                      0x00000000   Number         0  bsp_gpioout.o ABSOLUTE
    Board\bsp_key.c                          0x00000000   Number         0  bsp_key.o ABSOLUTE
    Board\bsp_timer.c                        0x00000000   Number         0  bsp_timer.o ABSOLUTE
    Board\mpu6050_dmp\inv_mpu.c              0x00000000   Number         0  inv_mpu.o ABSOLUTE
    Board\mpu6050_dmp\inv_mpu_dmp_motion_driver.c 0x00000000   Number         0  inv_mpu_dmp_motion_driver.o ABSOLUTE
    CM3\\core_cm3.c                          0x00000000   Number         0  core_cm3.o ABSOLUTE
    CM3\core_cm3.c                           0x00000000   Number         0  core_cm3.o ABSOLUTE
    LPC17xx\Startup\startup_LPC17xx.s        0x00000000   Number         0  startup_lpc17xx.o ABSOLUTE
    LPC17xx\system_LPC17xx.c                 0x00000000   Number         0  system_lpc17xx.o ABSOLUTE
    USER_CODE\main.c                         0x00000000   Number         0  main.o ABSOLUTE
    dc.s                                     0x00000000   Number         0  dc.o ABSOLUTE
    !!!main                                  0x000000cc   Section        8  __main.o(!!!main)
    !!!scatter                               0x000000d4   Section       52  __scatter.o(!!!scatter)
    !!handler_copy                           0x00000108   Section       26  __scatter_copy.o(!!handler_copy)
    !!handler_zi                             0x00000124   Section       28  __scatter_zi.o(!!handler_zi)
    .ARM.Collect$$_printf_percent$$00000000  0x00000140   Section        0  _printf_percent.o(.ARM.Collect$$_printf_percent$$00000000)
    .ARM.Collect$$_printf_percent$$00000009  0x00000140   Section        6  _printf_d.o(.ARM.Collect$$_printf_percent$$00000009)
    .ARM.Collect$$_printf_percent$$00000017  0x00000146   Section        4  _printf_percent_end.o(.ARM.Collect$$_printf_percent$$00000017)
    .ARM.Collect$$libinit$$00000000          0x0000014a   Section        6  libinit.o(.ARM.Collect$$libinit$$00000000)
    .ARM.Collect$$libinit$$00000006          0x00000150   Section        0  libinit2.o(.ARM.Collect$$libinit$$00000006)
    .ARM.Collect$$libinit$$00000008          0x00000150   Section        0  libinit2.o(.ARM.Collect$$libinit$$00000008)
    .ARM.Collect$$libinit$$0000000A          0x00000150   Section        0  libinit2.o(.ARM.Collect$$libinit$$0000000A)
    .ARM.Collect$$libinit$$0000000D          0x00000150   Section        0  libinit2.o(.ARM.Collect$$libinit$$0000000D)
    .ARM.Collect$$libinit$$0000000F          0x00000150   Section        0  libinit2.o(.ARM.Collect$$libinit$$0000000F)
    .ARM.Collect$$libinit$$00000011          0x00000150   Section        0  libinit2.o(.ARM.Collect$$libinit$$00000011)
    .ARM.Collect$$libinit$$00000013          0x00000150   Section        0  libinit2.o(.ARM.Collect$$libinit$$00000013)
    .ARM.Collect$$libinit$$00000015          0x00000150   Section        0  libinit2.o(.ARM.Collect$$libinit$$00000015)
    .ARM.Collect$$libinit$$00000017          0x00000150   Section        0  libinit2.o(.ARM.Collect$$libinit$$00000017)
    .ARM.Collect$$libinit$$00000019          0x00000150   Section        0  libinit2.o(.ARM.Collect$$libinit$$00000019)
    .ARM.Collect$$libinit$$0000001B          0x00000150   Section        0  libinit2.o(.ARM.Collect$$libinit$$0000001B)
    .ARM.Collect$$libinit$$0000001D          0x00000150   Section        0  libinit2.o(.ARM.Collect$$libinit$$0000001D)
    .ARM.Collect$$libinit$$0000001F          0x00000150   Section        0  libinit2.o(.ARM.Collect$$libinit$$0000001F)
    .ARM.Collect$$libinit$$00000021          0x00000150   Section        0  libinit2.o(.ARM.Collect$$libinit$$00000021)
    .ARM.Collect$$libinit$$00000028          0x00000150   Section        0  libinit2.o(.ARM.Collect$$libinit$$00000028)
    .ARM.Collect$$libinit$$0000002A          0x00000150   Section        0  libinit2.o(.ARM.Collect$$libinit$$0000002A)
    .ARM.Collect$$libinit$$0000002C          0x00000150   Section        0  libinit2.o(.ARM.Collect$$libinit$$0000002C)
    .ARM.Collect$$libinit$$0000002E          0x00000150   Section        0  libinit2.o(.ARM.Collect$$libinit$$0000002E)
    .ARM.Collect$$libinit$$0000002F          0x00000150   Section        2  libinit2.o(.ARM.Collect$$libinit$$0000002F)
    .ARM.Collect$$libshutdown$$00000000      0x00000152   Section        2  libshutdown.o(.ARM.Collect$$libshutdown$$00000000)
    .ARM.Collect$$libshutdown$$00000003      0x00000154   Section        0  libshutdown2.o(.ARM.Collect$$libshutdown$$00000003)
    .ARM.Collect$$libshutdown$$00000006      0x00000154   Section        0  libshutdown2.o(.ARM.Collect$$libshutdown$$00000006)
    .ARM.Collect$$libshutdown$$00000009      0x00000154   Section        0  libshutdown2.o(.ARM.Collect$$libshutdown$$00000009)
    .ARM.Collect$$libshutdown$$0000000B      0x00000154   Section        0  libshutdown2.o(.ARM.Collect$$libshutdown$$0000000B)
    .ARM.Collect$$libshutdown$$0000000E      0x00000154   Section        0  libshutdown2.o(.ARM.Collect$$libshutdown$$0000000E)
    .ARM.Collect$$libshutdown$$0000000F      0x00000154   Section        2  libshutdown2.o(.ARM.Collect$$libshutdown$$0000000F)
    .ARM.Collect$$rtentry$$00000000          0x00000156   Section        0  rtentry.o(.ARM.Collect$$rtentry$$00000000)
    .ARM.Collect$$rtentry$$00000002          0x00000156   Section        0  rtentry2.o(.ARM.Collect$$rtentry$$00000002)
    .ARM.Collect$$rtentry$$00000004          0x00000156   Section        6  rtentry4.o(.ARM.Collect$$rtentry$$00000004)
    .ARM.Collect$$rtentry$$00000009          0x0000015c   Section        0  rtentry2.o(.ARM.Collect$$rtentry$$00000009)
    .ARM.Collect$$rtentry$$0000000A          0x0000015c   Section        4  rtentry2.o(.ARM.Collect$$rtentry$$0000000A)
    .ARM.Collect$$rtentry$$0000000C          0x00000160   Section        0  rtentry2.o(.ARM.Collect$$rtentry$$0000000C)
    .ARM.Collect$$rtentry$$0000000D          0x00000160   Section        8  rtentry2.o(.ARM.Collect$$rtentry$$0000000D)
    .ARM.Collect$$rtexit$$00000000           0x00000168   Section        2  rtexit.o(.ARM.Collect$$rtexit$$00000000)
    .ARM.Collect$$rtexit$$00000002           0x0000016a   Section        0  rtexit2.o(.ARM.Collect$$rtexit$$00000002)
    .ARM.Collect$$rtexit$$00000003           0x0000016a   Section        4  rtexit2.o(.ARM.Collect$$rtexit$$00000003)
    .ARM.Collect$$rtexit$$00000004           0x0000016e   Section        6  rtexit2.o(.ARM.Collect$$rtexit$$00000004)
    .text                                    0x00000174   Section        0  system_lpc17xx.o(.text)
    .text                                    0x000002d0   Section        0  __2sprintf.o(.text)
    .ARM.__at_0x02FC                         0x000002fc   Section        4  startup_lpc17xx.o(.ARM.__at_0x02FC)
    .text                                    0x00000300   Section       52  startup_lpc17xx.o(.text)
    .text                                    0x00000334   Section        0  main.o(.text)
    BeepInterval                             0x00000335   Thumb Code    66  main.o(.text)
    AccessNormalMode                         0x00000377   Thumb Code   302  main.o(.text)
    SaveGameRule                             0x000004a5   Thumb Code   286  main.o(.text)
    AccessSettingMode                        0x000005c3   Thumb Code   878  main.o(.text)
    Init                                     0x00000931   Thumb Code   118  main.o(.text)
    isKeyLongSet                             0x000009d1   Thumb Code    76  main.o(.text)
    ReadGameRule                             0x00000a1d   Thumb Code   138  main.o(.text)
    .text                                    0x00000b7c   Section        0  iap.o(.text)
    .text                                    0x00000ce0   Section        0  bsp_timer.o(.text)
    .text                                    0x00000e34   Section        0  i2cint.o(.text)
    .text                                    0x0000110c   Section        0  uart0.o(.text)
    .text                                    0x000011a8   Section        0  nrf24l01.o(.text)
    .text                                    0x000014dc   Section        0  pt2260.o(.text)
    .text                                    0x00001640   Section        0  mpu6050_user.o(.text)
    inv_row_2_scale                          0x00001641   Thumb Code    70  mpu6050_user.o(.text)
    UpdateMPU6050Data                        0x000016a5   Thumb Code   500  mpu6050_user.o(.text)
    CalcIntervalAngle                        0x00001899   Thumb Code    68  mpu6050_user.o(.text)
    run_self_test                            0x00001c77   Thumb Code   130  mpu6050_user.o(.text)
    GetMPU6050InitInfo                       0x00001cf9   Thumb Code   110  mpu6050_user.o(.text)
    .text                                    0x00001ddc   Section        0  inv_mpu.o(.text)
    set_int_enable                           0x00001ddd   Thumb Code    84  inv_mpu.o(.text)
    get_st_biases                            0x00002b29   Thumb Code   786  inv_mpu.o(.text)
    accel_self_test                          0x000032a1   Thumb Code   112  inv_mpu.o(.text)
    gyro_self_test                           0x00003311   Thumb Code   186  inv_mpu.o(.text)
    get_accel_prod_shift                     0x000033cb   Thumb Code   160  inv_mpu.o(.text)
    .text                                    0x00003490   Section        0  inv_mpu_dmp_motion_driver.o(.text)
    .text                                    0x00003efc   Section        0  bsp_gpioout.o(.text)
    .text                                    0x00003f58   Section        0  bsp_key.o(.text)
    bsp_InitButtonVar                        0x00003fd5   Thumb Code    46  bsp_key.o(.text)
    bsp_DetectButton                         0x00004003   Thumb Code   146  bsp_key.o(.text)
    .text                                    0x000040a0   Section      238  lludivv7m.o(.text)
    .text                                    0x0000418e   Section       72  llsdiv.o(.text)
    .text                                    0x000041d6   Section        0  _printf_pad.o(.text)
    .text                                    0x00004228   Section        0  _printf_dec.o(.text)
    .text                                    0x000042a0   Section        0  __printf_flags_ss_wp.o(.text)
    .text                                    0x0000442c   Section        0  memcmp.o(.text)
    .text                                    0x00004484   Section       16  aeabi_memset.o(.text)
    .text                                    0x00004494   Section        0  heapauxi.o(.text)
    .text                                    0x0000449a   Section        0  _rserrno.o(.text)
    .text                                    0x000044b0   Section        0  _printf_intcommon.o(.text)
    .text                                    0x00004568   Section        0  _printf_char_common.o(.text)
    _printf_input_char                       0x00004569   Thumb Code    10  _printf_char_common.o(.text)
    .text                                    0x00004598   Section        0  _sputc.o(.text)
    .text                                    0x000045a2   Section       68  rt_memclr.o(.text)
    .text                                    0x000045e8   Section        8  rt_errno_addr_intlibspace.o(.text)
    .text                                    0x000045f0   Section       78  rt_memclr_w.o(.text)
    .text                                    0x00004640   Section        8  libspace.o(.text)
    .text                                    0x00004648   Section       74  sys_stackheap_outer.o(.text)
    .text                                    0x00004692   Section        0  exit.o(.text)
    .text                                    0x000046a0   Section        0  sys_exit.o(.text)
    .text                                    0x000046ac   Section        8  rt_fp_status_addr_intlibspace.o(.text)
    .text                                    0x000046b4   Section        2  use_no_semi.o(.text)
    .text                                    0x000046b6   Section        0  indicate_semi.o(.text)
    i.__ARM_fpclassify                       0x000046b6   Section        0  fpclassify.o(i.__ARM_fpclassify)
    i.__kernel_poly                          0x000046de   Section        0  poly.o(i.__kernel_poly)
    i.__mathlib_dbl_underflow                0x00004788   Section        0  dunder.o(i.__mathlib_dbl_underflow)
    i._is_digit                              0x00004798   Section        0  __printf_wp.o(i._is_digit)
    i.asin                                   0x000047a8   Section        0  asin.o(i.asin)
    i.atan                                   0x00004a28   Section        0  atan.o(i.atan)
    i.atan2                                  0x00004c4c   Section        0  atan2.o(i.atan2)
    i.sqrt                                   0x00004dcc   Section        0  sqrt.o(i.sqrt)
    x$fpl$dadd                               0x00004e18   Section      336  daddsub_clz.o(x$fpl$dadd)
    _dadd1                                   0x00004e29   Thumb Code     0  daddsub_clz.o(x$fpl$dadd)
    x$fpl$dcheck1                            0x00004f68   Section       16  dcheck1.o(x$fpl$dcheck1)
    x$fpl$ddiv                               0x00004f78   Section      688  ddiv.o(x$fpl$ddiv)
    ddiv_entry                               0x00004f7f   Thumb Code     0  ddiv.o(x$fpl$ddiv)
    x$fpl$dfix                               0x00005228   Section       94  dfix.o(x$fpl$dfix)
    x$fpl$dmul                               0x00005288   Section      340  dmul.o(x$fpl$dmul)
    x$fpl$dnaninf                            0x000053dc   Section      156  dnaninf.o(x$fpl$dnaninf)
    x$fpl$dretinf                            0x00005478   Section       12  dretinf.o(x$fpl$dretinf)
    x$fpl$drsb                               0x00005484   Section       22  daddsub_clz.o(x$fpl$drsb)
    x$fpl$dsqrt                              0x0000549c   Section      460  dsqrt_noumaal.o(x$fpl$dsqrt)
    x$fpl$dsub                               0x00005668   Section      468  daddsub_clz.o(x$fpl$dsub)
    _dsub1                                   0x00005679   Thumb Code     0  daddsub_clz.o(x$fpl$dsub)
    x$fpl$f2d                                0x0000583c   Section       86  f2d.o(x$fpl$f2d)
    x$fpl$fadd                               0x00005894   Section      196  faddsub_clz.o(x$fpl$fadd)
    _fadd1                                   0x000058a3   Thumb Code     0  faddsub_clz.o(x$fpl$fadd)
    x$fpl$fcheck1                            0x00005958   Section       12  fcheck1.o(x$fpl$fcheck1)
    x$fpl$fdiv                               0x00005964   Section      388  fdiv.o(x$fpl$fdiv)
    _fdiv1                                   0x00005965   Thumb Code     0  fdiv.o(x$fpl$fdiv)
    x$fpl$ffix                               0x00005ae8   Section       54  ffix.o(x$fpl$ffix)
    x$fpl$ffixu                              0x00005b20   Section       62  ffixu.o(x$fpl$ffixu)
    x$fpl$fflt                               0x00005b60   Section       48  fflt_clz.o(x$fpl$fflt)
    x$fpl$ffltu                              0x00005b90   Section       38  fflt_clz.o(x$fpl$ffltu)
    x$fpl$fmul                               0x00005bb8   Section      258  fmul.o(x$fpl$fmul)
    x$fpl$fnaninf                            0x00005cba   Section      140  fnaninf.o(x$fpl$fnaninf)
    x$fpl$fpinit                             0x00005d46   Section       14  fpinit.o(x$fpl$fpinit)
    x$fpl$fretinf                            0x00005d54   Section       10  fretinf.o(x$fpl$fretinf)
    x$fpl$fsub                               0x00005d60   Section      234  faddsub_clz.o(x$fpl$fsub)
    _fsub1                                   0x00005d6f   Thumb Code     0  faddsub_clz.o(x$fpl$fsub)
    x$fpl$retnan                             0x00005e4a   Section      100  retnan.o(x$fpl$retnan)
    x$fpl$scalbn                             0x00005eae   Section       92  scalbn.o(x$fpl$scalbn)
    x$fpl$scalbnf                            0x00005f0a   Section       76  scalbnf.o(x$fpl$scalbnf)
    x$fpl$trapveneer                         0x00005f56   Section       48  trapv.o(x$fpl$trapveneer)
    x$fpl$usenofp                            0x00005f86   Section        0  usenofp.o(x$fpl$usenofp)
    .constdata                               0x00005f88   Section       84  main.o(.constdata)
    .constdata                               0x00005fdc   Section       12  inv_mpu.o(.constdata)
    .constdata                               0x00005fe8   Section       27  inv_mpu.o(.constdata)
    .constdata                               0x00006004   Section       40  inv_mpu.o(.constdata)
    .constdata                               0x0000602c   Section     3062  inv_mpu_dmp_motion_driver.o(.constdata)
    dmp_memory                               0x0000602c   Data        3062  inv_mpu_dmp_motion_driver.o(.constdata)
    .constdata                               0x00006c22   Section       17  __printf_flags_ss_wp.o(.constdata)
    maptable                                 0x00006c22   Data          17  __printf_flags_ss_wp.o(.constdata)
    .constdata                               0x00006c38   Section       80  asin.o(.constdata)
    pS                                       0x00006c38   Data          48  asin.o(.constdata)
    qS                                       0x00006c68   Data          32  asin.o(.constdata)
    .constdata                               0x00006c88   Section      152  atan.o(.constdata)
    atanhi                                   0x00006c88   Data          32  atan.o(.constdata)
    atanlo                                   0x00006ca8   Data          32  atan.o(.constdata)
    aTodd                                    0x00006cc8   Data          40  atan.o(.constdata)
    aTeven                                   0x00006cf0   Data          48  atan.o(.constdata)
    .constdata                               0x00006d20   Section        8  qnan.o(.constdata)
    .data                                    0x10000000   Section        4  system_lpc17xx.o(.data)
    .data                                    0x10000004   Section       14  main.o(.data)
    .data                                    0x10000014   Section        8  bsp_timer.o(.data)
    s_count                                  0x10000014   Data           1  bsp_timer.o(.data)
    .data                                    0x1000001c   Section       16  i2cint.o(.data)
    .data                                    0x1000002c   Section       11  nrf24l01.o(.data)
    .data                                    0x10000038   Section       25  mpu6050_user.o(.data)
    gyro_orientation                         0x10000048   Data           9  mpu6050_user.o(.data)
    .data                                    0x10000054   Section       44  inv_mpu.o(.data)
    st                                       0x10000054   Data          44  inv_mpu.o(.data)
    .bss                                     0x10000080   Section     1368  main.o(.bss)
    tmpSectorData                            0x100001d8   Data        1024  main.o(.bss)
    .bss                                     0x100005d8   Section       64  iap.o(.bss)
    .bss                                     0x10000618   Section       32  bsp_timer.o(.bss)
    .bss                                     0x10000638   Section       16  inv_mpu_dmp_motion_driver.o(.bss)
    dmp                                      0x10000638   Data          16  inv_mpu_dmp_motion_driver.o(.bss)
    .bss                                     0x10000648   Section       38  bsp_key.o(.bss)
    s_BtnSet                                 0x10000648   Data          16  bsp_key.o(.bss)
    s_Key                                    0x10000658   Data          22  bsp_key.o(.bss)
    .bss                                     0x10000670   Section       96  libspace.o(.bss)
    HEAP                                     0x100006d0   Section        0  startup_lpc17xx.o(HEAP)
    STACK                                    0x100006d0   Section     1024  startup_lpc17xx.o(STACK)
    Heap_Mem                                 0x100006d0   Data           0  startup_lpc17xx.o(HEAP)
    Stack_Mem                                0x100006d0   Data        1024  startup_lpc17xx.o(STACK)
    __initial_sp                             0x10000ad0   Data           0  startup_lpc17xx.o(STACK)

    Global Symbols

    Symbol Name                              Value     Ov Type        Size  Object(Section)

    BuildAttributes$$THM_ISAv4$P$D$K$B$S$PE$A:L22UL41UL21$X:L11$S22US41US21$IEEE1$IW$USESV6$~STKCKD$USESV7$~SHL$OTIME$ROPI$IEEEX$EBA8$UX$STANDARDLIB$REQ8$PRES8$EABIv2 0x00000000   Number         0  anon$$obj.o ABSOLUTE
    __ARM_use_no_argv                        0x00000000   Number         0  main.o ABSOLUTE
    __Vectors                                0x00000000   Data           4  startup_lpc17xx.o(RESET)
    _printf_flags                            0x00000000   Number         0  printf_stubs.o ABSOLUTE
    _printf_return_value                     0x00000000   Number         0  printf_stubs.o ABSOLUTE
    _printf_sizespec                         0x00000000   Number         0  printf_stubs.o ABSOLUTE
    _printf_widthprec                        0x00000000   Number         0  printf_stubs.o ABSOLUTE
    __ARM_exceptions_init                     - Undefined Weak Reference
    __alloca_initialize                       - Undefined Weak Reference
    __cpp_initialize__aeabi_                  - Undefined Weak Reference
    __cxa_finalize                            - Undefined Weak Reference
    __rt_locale                               - Undefined Weak Reference
    __sigvec_lookup                           - Undefined Weak Reference
    _atexit_init                              - Undefined Weak Reference
    _call_atexit_fns                          - Undefined Weak Reference
    _clock_init                               - Undefined Weak Reference
    _fp_trap_init                             - Undefined Weak Reference
    _fp_trap_shutdown                         - Undefined Weak Reference
    _get_lc_collate                           - Undefined Weak Reference
    _get_lc_ctype                             - Undefined Weak Reference
    _get_lc_monetary                          - Undefined Weak Reference
    _get_lc_numeric                           - Undefined Weak Reference
    _get_lc_time                              - Undefined Weak Reference
    _getenv_init                              - Undefined Weak Reference
    _handle_redirection                       - Undefined Weak Reference
    _init_alloc                               - Undefined Weak Reference
    _init_user_alloc                          - Undefined Weak Reference
    _initio                                   - Undefined Weak Reference
    _printf_truncate_signed                   - Undefined Weak Reference
    _printf_truncate_unsigned                 - Undefined Weak Reference
    _rand_init                                - Undefined Weak Reference
    _signal_finish                            - Undefined Weak Reference
    _signal_init                              - Undefined Weak Reference
    _terminate_alloc                          - Undefined Weak Reference
    _terminate_user_alloc                     - Undefined Weak Reference
    _terminateio                              - Undefined Weak Reference
    __main                                   0x000000cd   Thumb Code     8  __main.o(!!!main)
    __scatterload                            0x000000d5   Thumb Code     0  __scatter.o(!!!scatter)
    __scatterload_rt2                        0x000000d5   Thumb Code    44  __scatter.o(!!!scatter)
    __scatterload_rt2_thumb_only             0x000000d5   Thumb Code     0  __scatter.o(!!!scatter)
    __scatterload_null                       0x000000e3   Thumb Code     0  __scatter.o(!!!scatter)
    __scatterload_copy                       0x00000109   Thumb Code    26  __scatter_copy.o(!!handler_copy)
    __scatterload_zeroinit                   0x00000125   Thumb Code    28  __scatter_zi.o(!!handler_zi)
    _printf_d                                0x00000141   Thumb Code     0  _printf_d.o(.ARM.Collect$$_printf_percent$$00000009)
    _printf_percent                          0x00000141   Thumb Code     0  _printf_percent.o(.ARM.Collect$$_printf_percent$$00000000)
    _printf_percent_end                      0x00000147   Thumb Code     0  _printf_percent_end.o(.ARM.Collect$$_printf_percent$$00000017)
    __rt_lib_init                            0x0000014b   Thumb Code     0  libinit.o(.ARM.Collect$$libinit$$00000000)
    __rt_lib_init_alloca_1                   0x00000151   Thumb Code     0  libinit2.o(.ARM.Collect$$libinit$$0000002A)
    __rt_lib_init_argv_1                     0x00000151   Thumb Code     0  libinit2.o(.ARM.Collect$$libinit$$00000028)
    __rt_lib_init_atexit_1                   0x00000151   Thumb Code     0  libinit2.o(.ARM.Collect$$libinit$$00000017)
    __rt_lib_init_clock_1                    0x00000151   Thumb Code     0  libinit2.o(.ARM.Collect$$libinit$$0000001D)
    __rt_lib_init_cpp_1                      0x00000151   Thumb Code     0  libinit2.o(.ARM.Collect$$libinit$$0000002E)
    __rt_lib_init_exceptions_1               0x00000151   Thumb Code     0  libinit2.o(.ARM.Collect$$libinit$$0000002C)
    __rt_lib_init_fp_trap_1                  0x00000151   Thumb Code     0  libinit2.o(.ARM.Collect$$libinit$$0000001B)
    __rt_lib_init_getenv_1                   0x00000151   Thumb Code     0  libinit2.o(.ARM.Collect$$libinit$$0000001F)
    __rt_lib_init_heap_1                     0x00000151   Thumb Code     0  libinit2.o(.ARM.Collect$$libinit$$00000006)
    __rt_lib_init_lc_collate_1               0x00000151   Thumb Code     0  libinit2.o(.ARM.Collect$$libinit$$0000000D)
    __rt_lib_init_lc_ctype_1                 0x00000151   Thumb Code     0  libinit2.o(.ARM.Collect$$libinit$$0000000F)
    __rt_lib_init_lc_monetary_1              0x00000151   Thumb Code     0  libinit2.o(.ARM.Collect$$libinit$$00000011)
    __rt_lib_init_lc_numeric_1               0x00000151   Thumb Code     0  libinit2.o(.ARM.Collect$$libinit$$00000013)
    __rt_lib_init_lc_time_1                  0x00000151   Thumb Code     0  libinit2.o(.ARM.Collect$$libinit$$00000015)
    __rt_lib_init_rand_1                     0x00000151   Thumb Code     0  libinit2.o(.ARM.Collect$$libinit$$0000000A)
    __rt_lib_init_return                     0x00000151   Thumb Code     0  libinit2.o(.ARM.Collect$$libinit$$0000002F)
    __rt_lib_init_signal_1                   0x00000151   Thumb Code     0  libinit2.o(.ARM.Collect$$libinit$$00000019)
    __rt_lib_init_stdio_1                    0x00000151   Thumb Code     0  libinit2.o(.ARM.Collect$$libinit$$00000021)
    __rt_lib_init_user_alloc_1               0x00000151   Thumb Code     0  libinit2.o(.ARM.Collect$$libinit$$00000008)
    __rt_lib_shutdown                        0x00000153   Thumb Code     0  libshutdown.o(.ARM.Collect$$libshutdown$$00000000)
    __rt_lib_shutdown_fp_trap_1              0x00000155   Thumb Code     0  libshutdown2.o(.ARM.Collect$$libshutdown$$00000006)
    __rt_lib_shutdown_heap_1                 0x00000155   Thumb Code     0  libshutdown2.o(.ARM.Collect$$libshutdown$$0000000E)
    __rt_lib_shutdown_return                 0x00000155   Thumb Code     0  libshutdown2.o(.ARM.Collect$$libshutdown$$0000000F)
    __rt_lib_shutdown_signal_1               0x00000155   Thumb Code     0  libshutdown2.o(.ARM.Collect$$libshutdown$$00000009)
    __rt_lib_shutdown_stdio_1                0x00000155   Thumb Code     0  libshutdown2.o(.ARM.Collect$$libshutdown$$00000003)
    __rt_lib_shutdown_user_alloc_1           0x00000155   Thumb Code     0  libshutdown2.o(.ARM.Collect$$libshutdown$$0000000B)
    __rt_entry                               0x00000157   Thumb Code     0  rtentry.o(.ARM.Collect$$rtentry$$00000000)
    __rt_entry_presh_1                       0x00000157   Thumb Code     0  rtentry2.o(.ARM.Collect$$rtentry$$00000002)
    __rt_entry_sh                            0x00000157   Thumb Code     0  rtentry4.o(.ARM.Collect$$rtentry$$00000004)
    __rt_entry_li                            0x0000015d   Thumb Code     0  rtentry2.o(.ARM.Collect$$rtentry$$0000000A)
    __rt_entry_postsh_1                      0x0000015d   Thumb Code     0  rtentry2.o(.ARM.Collect$$rtentry$$00000009)
    __rt_entry_main                          0x00000161   Thumb Code     0  rtentry2.o(.ARM.Collect$$rtentry$$0000000D)
    __rt_entry_postli_1                      0x00000161   Thumb Code     0  rtentry2.o(.ARM.Collect$$rtentry$$0000000C)
    __rt_exit                                0x00000169   Thumb Code     0  rtexit.o(.ARM.Collect$$rtexit$$00000000)
    __rt_exit_ls                             0x0000016b   Thumb Code     0  rtexit2.o(.ARM.Collect$$rtexit$$00000003)
    __rt_exit_prels_1                        0x0000016b   Thumb Code     0  rtexit2.o(.ARM.Collect$$rtexit$$00000002)
    __rt_exit_exit                           0x0000016f   Thumb Code     0  rtexit2.o(.ARM.Collect$$rtexit$$00000004)
    SystemInit                               0x00000175   Thumb Code   318  system_lpc17xx.o(.text)
    __2sprintf                               0x000002d1   Thumb Code    38  __2sprintf.o(.text)
    Reset_Handler                            0x00000301   Thumb Code     4  startup_lpc17xx.o(.text)
    NMI_Handler                              0x00000305   Thumb Code     2  startup_lpc17xx.o(.text)
    HardFault_Handler                        0x00000307   Thumb Code     2  startup_lpc17xx.o(.text)
    MemManage_Handler                        0x00000309   Thumb Code     2  startup_lpc17xx.o(.text)
    BusFault_Handler                         0x0000030b   Thumb Code     2  startup_lpc17xx.o(.text)
    UsageFault_Handler                       0x0000030d   Thumb Code     2  startup_lpc17xx.o(.text)
    SVC_Handler                              0x0000030f   Thumb Code     2  startup_lpc17xx.o(.text)
    DebugMon_Handler                         0x00000311   Thumb Code     2  startup_lpc17xx.o(.text)
    PendSV_Handler                           0x00000313   Thumb Code     2  startup_lpc17xx.o(.text)
    ADC_IRQHandler                           0x00000317   Thumb Code     0  startup_lpc17xx.o(.text)
    BOD_IRQHandler                           0x00000317   Thumb Code     0  startup_lpc17xx.o(.text)
    CANActivity_IRQHandler                   0x00000317   Thumb Code     0  startup_lpc17xx.o(.text)
    CAN_IRQHandler                           0x00000317   Thumb Code     0  startup_lpc17xx.o(.text)
    DMA_IRQHandler                           0x00000317   Thumb Code     0  startup_lpc17xx.o(.text)
    EINT0_IRQHandler                         0x00000317   Thumb Code     0  startup_lpc17xx.o(.text)
    EINT1_IRQHandler                         0x00000317   Thumb Code     0  startup_lpc17xx.o(.text)
    EINT2_IRQHandler                         0x00000317   Thumb Code     0  startup_lpc17xx.o(.text)
    EINT3_IRQHandler                         0x00000317   Thumb Code     0  startup_lpc17xx.o(.text)
    ENET_IRQHandler                          0x00000317   Thumb Code     0  startup_lpc17xx.o(.text)
    I2C0_IRQHandler                          0x00000317   Thumb Code     0  startup_lpc17xx.o(.text)
    I2C2_IRQHandler                          0x00000317   Thumb Code     0  startup_lpc17xx.o(.text)
    I2S_IRQHandler                           0x00000317   Thumb Code     0  startup_lpc17xx.o(.text)
    MCPWM_IRQHandler                         0x00000317   Thumb Code     0  startup_lpc17xx.o(.text)
    PLL0_IRQHandler                          0x00000317   Thumb Code     0  startup_lpc17xx.o(.text)
    PLL1_IRQHandler                          0x00000317   Thumb Code     0  startup_lpc17xx.o(.text)
    PWM1_IRQHandler                          0x00000317   Thumb Code     0  startup_lpc17xx.o(.text)
    QEI_IRQHandler                           0x00000317   Thumb Code     0  startup_lpc17xx.o(.text)
    RIT_IRQHandler                           0x00000317   Thumb Code     0  startup_lpc17xx.o(.text)
    RTC_IRQHandler                           0x00000317   Thumb Code     0  startup_lpc17xx.o(.text)
    SPI_IRQHandler                           0x00000317   Thumb Code     0  startup_lpc17xx.o(.text)
    SSP0_IRQHandler                          0x00000317   Thumb Code     0  startup_lpc17xx.o(.text)
    SSP1_IRQHandler                          0x00000317   Thumb Code     0  startup_lpc17xx.o(.text)
    TIMER0_IRQHandler                        0x00000317   Thumb Code     0  startup_lpc17xx.o(.text)
    TIMER1_IRQHandler                        0x00000317   Thumb Code     0  startup_lpc17xx.o(.text)
    TIMER2_IRQHandler                        0x00000317   Thumb Code     0  startup_lpc17xx.o(.text)
    TIMER3_IRQHandler                        0x00000317   Thumb Code     0  startup_lpc17xx.o(.text)
    UART0_IRQHandler                         0x00000317   Thumb Code     0  startup_lpc17xx.o(.text)
    UART1_IRQHandler                         0x00000317   Thumb Code     0  startup_lpc17xx.o(.text)
    UART2_IRQHandler                         0x00000317   Thumb Code     0  startup_lpc17xx.o(.text)
    UART3_IRQHandler                         0x00000317   Thumb Code     0  startup_lpc17xx.o(.text)
    USBActivity_IRQHandler                   0x00000317   Thumb Code     0  startup_lpc17xx.o(.text)
    USB_IRQHandler                           0x00000317   Thumb Code     0  startup_lpc17xx.o(.text)
    WDT_IRQHandler                           0x00000317   Thumb Code     0  startup_lpc17xx.o(.text)
    __user_initial_stackheap                 0x00000319   Thumb Code     0  startup_lpc17xx.o(.text)
    main                                     0x000009a7   Thumb Code    42  main.o(.text)
    SelSector                                0x00000b7d   Thumb Code    30  iap.o(.text)
    RamToFlash                               0x00000b9b   Thumb Code    48  iap.o(.text)
    EraseSector                              0x00000bcb   Thumb Code    44  iap.o(.text)
    BlankCHK                                 0x00000bf7   Thumb Code    44  iap.o(.text)
    ReadParID                                0x00000c23   Thumb Code    30  iap.o(.text)
    BootCodeID                               0x00000c41   Thumb Code    30  iap.o(.text)
    Compare                                  0x00000c5f   Thumb Code    28  iap.o(.text)
    Reinvoke_ISP                             0x00000c7b   Thumb Code    14  iap.o(.text)
    WriteFlash                               0x00000c89   Thumb Code    74  iap.o(.text)
    vicSysPconSet                            0x00000ce1   Thumb Code    52  bsp_timer.o(.text)
    SysTickInit                              0x00000d15   Thumb Code    58  bsp_timer.o(.text)
    SysTick_Handler                          0x00000d4f   Thumb Code    86  bsp_timer.o(.text)
    BspDelayMS                               0x00000da5   Thumb Code    36  bsp_timer.o(.text)
    bsp_StartTimer                           0x00000dc9   Thumb Code    30  bsp_timer.o(.text)
    bsp_CheckTimer                           0x00000de7   Thumb Code    28  bsp_timer.o(.text)
    bsp_GetRunTime                           0x00000e03   Thumb Code    18  bsp_timer.o(.text)
    get_ms                                   0x00000e15   Thumb Code    12  bsp_timer.o(.text)
    Wait_I2c_End                             0x00000e35   Thumb Code    42  i2cint.o(.text)
    ISendByte                                0x00000e5f   Thumb Code    38  i2cint.o(.text)
    IRcvByte                                 0x00000e85   Thumb Code    32  i2cint.o(.text)
    I2C_ReadNByte                            0x00000ea5   Thumb Code    94  i2cint.o(.text)
    I2C_WriteNByte                           0x00000f03   Thumb Code    86  i2cint.o(.text)
    I2C1_IRQHandler                          0x00000f59   Thumb Code   278  i2cint.o(.text)
    i2c1Init                                 0x0000106f   Thumb Code    72  i2cint.o(.text)
    i2cwrite                                 0x000010b7   Thumb Code    28  i2cint.o(.text)
    i2cread                                  0x000010d3   Thumb Code    28  i2cint.o(.text)
    uart0Init                                0x0000110d   Thumb Code    66  uart0.o(.text)
    uart0GetByte                             0x0000114f   Thumb Code    12  uart0.o(.text)
    uart0GetStr                              0x0000115b   Thumb Code    24  uart0.o(.text)
    uart0SendByte                            0x00001173   Thumb Code    12  uart0.o(.text)
    uart0SendStr                             0x0000117f   Thumb Code    24  uart0.o(.text)
    myDelay                                  0x000011a9   Thumb Code    20  nrf24l01.o(.text)
    NRFSPI                                   0x000011bd   Thumb Code    16  nrf24l01.o(.text)
    NRFReadReg                               0x000011cd   Thumb Code    30  nrf24l01.o(.text)
    NRFWriteReg                              0x000011eb   Thumb Code    36  nrf24l01.o(.text)
    NRFReadRxDate                            0x0000120f   Thumb Code    50  nrf24l01.o(.text)
    NRFWriteTxDate                           0x00001241   Thumb Code    52  nrf24l01.o(.text)
    NRFSetTxMode                             0x00001275   Thumb Code   138  nrf24l01.o(.text)
    CheckACK                                 0x000012ff   Thumb Code    58  nrf24l01.o(.text)
    NRFSndDate                               0x00001339   Thumb Code    82  nrf24l01.o(.text)
    NRFSetRXMode                             0x0000138b   Thumb Code   102  nrf24l01.o(.text)
    NRFGetData                               0x000013f1   Thumb Code    90  nrf24l01.o(.text)
    Config_RF24L01                           0x0000144b   Thumb Code    92  nrf24l01.o(.text)
    NRF24L01Int                              0x000014a7   Thumb Code    38  nrf24l01.o(.text)
    PT2260Init                               0x000014dd   Thumb Code    78  pt2260.o(.text)
    PT2260SendBtye                           0x0000152b   Thumb Code   268  pt2260.o(.text)
    SoftReset                                0x00001687   Thumb Code    30  mpu6050_user.o(.text)
    HandleMPU6050Data2                       0x000018dd   Thumb Code   214  mpu6050_user.o(.text)
    HandleMPU6050Data                        0x000019b3   Thumb Code   578  mpu6050_user.o(.text)
    MPU6050Init                              0x00001bf5   Thumb Code   130  mpu6050_user.o(.text)
    mpu_reg_dump                             0x00001e31   Thumb Code    58  inv_mpu.o(.text)
    mpu_read_reg                             0x00001e6b   Thumb Code    52  inv_mpu.o(.text)
    mpu_set_int_latched                      0x00001e9f   Thumb Code    94  inv_mpu.o(.text)
    mpu_set_sensors                          0x00001efd   Thumb Code   178  inv_mpu.o(.text)
    mpu_set_bypass                           0x00001faf   Thumb Code   212  inv_mpu.o(.text)
    mpu_reset_fifo                           0x00002083   Thumb Code   350  inv_mpu.o(.text)
    mpu_configure_fifo                       0x000021e1   Thumb Code    78  inv_mpu.o(.text)
    mpu_set_lpf                              0x0000222f   Thumb Code   102  inv_mpu.o(.text)
    mpu_lp_accel_mode                        0x00002295   Thumb Code   178  inv_mpu.o(.text)
    mpu_set_sample_rate                      0x00002347   Thumb Code   124  inv_mpu.o(.text)
    mpu_set_accel_fsr                        0x000023c3   Thumb Code    98  inv_mpu.o(.text)
    mpu_set_gyro_fsr                         0x00002425   Thumb Code   104  inv_mpu.o(.text)
    mpu_init                                 0x0000248d   Thumb Code   298  inv_mpu.o(.text)
    mpu_get_gyro_reg                         0x000025b7   Thumb Code    82  inv_mpu.o(.text)
    mpu_get_accel_reg                        0x00002609   Thumb Code    76  inv_mpu.o(.text)
    mpu_get_temperature                      0x00002655   Thumb Code   114  inv_mpu.o(.text)
    mpu_set_accel_bias                       0x000026c7   Thumb Code   214  inv_mpu.o(.text)
    mpu_get_gyro_fsr                         0x0000279d   Thumb Code    48  inv_mpu.o(.text)
    mpu_get_accel_fsr                        0x000027cd   Thumb Code    54  inv_mpu.o(.text)
    mpu_get_lpf                              0x00002803   Thumb Code    52  inv_mpu.o(.text)
    mpu_get_sample_rate                      0x00002837   Thumb Code    22  inv_mpu.o(.text)
    mpu_get_compass_sample_rate              0x0000284d   Thumb Code     8  inv_mpu.o(.text)
    mpu_set_compass_sample_rate              0x00002855   Thumb Code     6  inv_mpu.o(.text)
    mpu_get_gyro_sens                        0x0000285b   Thumb Code    44  inv_mpu.o(.text)
    mpu_get_accel_sens                       0x00002887   Thumb Code    62  inv_mpu.o(.text)
    mpu_get_fifo_config                      0x000028c5   Thumb Code    10  inv_mpu.o(.text)
    mpu_get_power_state                      0x000028cf   Thumb Code    14  inv_mpu.o(.text)
    mpu_get_int_status                       0x000028dd   Thumb Code    48  inv_mpu.o(.text)
    mpu_read_fifo                            0x0000290d   Thumb Code   392  inv_mpu.o(.text)
    mpu_read_fifo_stream                     0x00002a95   Thumb Code   138  inv_mpu.o(.text)
    mpu_set_int_level                        0x00002b1f   Thumb Code    10  inv_mpu.o(.text)
    mpu_set_dmp_state                        0x00002e3b   Thumb Code   120  inv_mpu.o(.text)
    mpu_run_self_test                        0x00002eb3   Thumb Code   236  inv_mpu.o(.text)
    mpu_write_mem                            0x00002f9f   Thumb Code    80  inv_mpu.o(.text)
    mpu_read_mem                             0x00002fef   Thumb Code    80  inv_mpu.o(.text)
    mpu_load_firmware                        0x0000303f   Thumb Code   152  inv_mpu.o(.text)
    mpu_get_dmp_state                        0x000030d7   Thumb Code    12  inv_mpu.o(.text)
    mpu_get_compass_reg                      0x000030e3   Thumb Code     6  inv_mpu.o(.text)
    mpu_get_compass_fsr                      0x000030e9   Thumb Code     6  inv_mpu.o(.text)
    mpu_lp_motion_interrupt                  0x000030ef   Thumb Code   434  inv_mpu.o(.text)
    dmp_load_motion_driver_firmware          0x00003491   Thumb Code    16  inv_mpu_dmp_motion_driver.o(.text)
    dmp_set_orientation                      0x000034a1   Thumb Code   246  inv_mpu_dmp_motion_driver.o(.text)
    dmp_set_gyro_bias                        0x00003597   Thumb Code   200  inv_mpu_dmp_motion_driver.o(.text)
    dmp_set_accel_bias                       0x0000365f   Thumb Code   220  inv_mpu_dmp_motion_driver.o(.text)
    dmp_set_fifo_rate                        0x0000373b   Thumb Code    82  inv_mpu_dmp_motion_driver.o(.text)
    dmp_get_fifo_rate                        0x0000378d   Thumb Code    10  inv_mpu_dmp_motion_driver.o(.text)
    dmp_set_tap_thresh                       0x00003797   Thumb Code   340  inv_mpu_dmp_motion_driver.o(.text)
    dmp_set_tap_axes                         0x000038eb   Thumb Code    64  inv_mpu_dmp_motion_driver.o(.text)
    dmp_set_tap_count                        0x0000392b   Thumb Code    34  inv_mpu_dmp_motion_driver.o(.text)
    dmp_set_tap_time                         0x0000394d   Thumb Code    32  inv_mpu_dmp_motion_driver.o(.text)
    dmp_set_tap_time_multi                   0x0000396d   Thumb Code    32  inv_mpu_dmp_motion_driver.o(.text)
    dmp_set_shake_reject_thresh              0x0000398d   Thumb Code    48  inv_mpu_dmp_motion_driver.o(.text)
    dmp_set_shake_reject_time                0x000039bd   Thumb Code    32  inv_mpu_dmp_motion_driver.o(.text)
    dmp_set_shake_reject_timeout             0x000039dd   Thumb Code    32  inv_mpu_dmp_motion_driver.o(.text)
    dmp_get_pedometer_step_count             0x000039fd   Thumb Code    48  inv_mpu_dmp_motion_driver.o(.text)
    dmp_set_pedometer_step_count             0x00003a2d   Thumb Code    38  inv_mpu_dmp_motion_driver.o(.text)
    dmp_get_pedometer_walk_time              0x00003a53   Thumb Code    54  inv_mpu_dmp_motion_driver.o(.text)
    dmp_set_pedometer_walk_time              0x00003a89   Thumb Code    44  inv_mpu_dmp_motion_driver.o(.text)
    dmp_enable_6x_lp_quat                    0x00003ab5   Thumb Code    58  inv_mpu_dmp_motion_driver.o(.text)
    dmp_enable_lp_quat                       0x00003aef   Thumb Code    58  inv_mpu_dmp_motion_driver.o(.text)
    dmp_enable_gyro_cal                      0x00003b29   Thumb Code    38  inv_mpu_dmp_motion_driver.o(.text)
    dmp_enable_feature                       0x00003b4f   Thumb Code   464  inv_mpu_dmp_motion_driver.o(.text)
    dmp_get_enabled_features                 0x00003d1f   Thumb Code    10  inv_mpu_dmp_motion_driver.o(.text)
    dmp_set_interrupt_mode                   0x00003d29   Thumb Code    68  inv_mpu_dmp_motion_driver.o(.text)
    dmp_read_fifo                            0x00003d6d   Thumb Code   328  inv_mpu_dmp_motion_driver.o(.text)
    dmp_register_tap_cb                      0x00003eb5   Thumb Code     8  inv_mpu_dmp_motion_driver.o(.text)
    dmp_register_android_orient_cb           0x00003ebd   Thumb Code     8  inv_mpu_dmp_motion_driver.o(.text)
    bsp_BeepOn                               0x00003efd   Thumb Code    12  bsp_gpioout.o(.text)
    bsp_BeepOff                              0x00003f09   Thumb Code    12  bsp_gpioout.o(.text)
    bsp_BeepToggled                          0x00003f15   Thumb Code    28  bsp_gpioout.o(.text)
    bsp_InitBeep                             0x00003f31   Thumb Code    30  bsp_gpioout.o(.text)
    IsKeyDownSet                             0x00003f59   Thumb Code    16  bsp_key.o(.text)
    bsp_InitButton                           0x00003f69   Thumb Code    28  bsp_key.o(.text)
    bsp_PutKey                               0x00003f85   Thumb Code    24  bsp_key.o(.text)
    bsp_GetKey                               0x00003f9d   Thumb Code    32  bsp_key.o(.text)
    bsp_KeyState                             0x00003fbd   Thumb Code    16  bsp_key.o(.text)
    bsp_KeyPro                               0x00003fcd   Thumb Code     8  bsp_key.o(.text)
    __aeabi_uldivmod                         0x000040a1   Thumb Code     0  lludivv7m.o(.text)
    _ll_udiv                                 0x000040a1   Thumb Code   238  lludivv7m.o(.text)
    __aeabi_ldivmod                          0x0000418f   Thumb Code     0  llsdiv.o(.text)
    _ll_sdiv                                 0x0000418f   Thumb Code    72  llsdiv.o(.text)
    _printf_pre_padding                      0x000041d7   Thumb Code    46  _printf_pad.o(.text)
    _printf_post_padding                     0x00004205   Thumb Code    36  _printf_pad.o(.text)
    _printf_int_dec                          0x00004229   Thumb Code   102  _printf_dec.o(.text)
    __printf                                 0x000042a1   Thumb Code   390  __printf_flags_ss_wp.o(.text)
    memcmp                                   0x0000442d   Thumb Code    88  memcmp.o(.text)
    __aeabi_memset                           0x00004485   Thumb Code    16  aeabi_memset.o(.text)
    __use_two_region_memory                  0x00004495   Thumb Code     2  heapauxi.o(.text)
    __rt_heap_escrow$2region                 0x00004497   Thumb Code     2  heapauxi.o(.text)
    __rt_heap_expand$2region                 0x00004499   Thumb Code     2  heapauxi.o(.text)
    __read_errno                             0x0000449b   Thumb Code    10  _rserrno.o(.text)
    __set_errno                              0x000044a5   Thumb Code    12  _rserrno.o(.text)
    _printf_int_common                       0x000044b1   Thumb Code   184  _printf_intcommon.o(.text)
    _printf_char_common                      0x00004573   Thumb Code    32  _printf_char_common.o(.text)
    _sputc                                   0x00004599   Thumb Code    10  _sputc.o(.text)
    __aeabi_memclr                           0x000045a3   Thumb Code     0  rt_memclr.o(.text)
    __rt_memclr                              0x000045a3   Thumb Code    68  rt_memclr.o(.text)
    _memset                                  0x000045a7   Thumb Code     0  rt_memclr.o(.text)
    __aeabi_errno_addr                       0x000045e9   Thumb Code     8  rt_errno_addr_intlibspace.o(.text)
    __errno$intlibspace                      0x000045e9   Thumb Code     0  rt_errno_addr_intlibspace.o(.text)
    __rt_errno_addr$intlibspace              0x000045e9   Thumb Code     0  rt_errno_addr_intlibspace.o(.text)
    __aeabi_memclr4                          0x000045f1   Thumb Code     0  rt_memclr_w.o(.text)
    __aeabi_memclr8                          0x000045f1   Thumb Code     0  rt_memclr_w.o(.text)
    __rt_memclr_w                            0x000045f1   Thumb Code    78  rt_memclr_w.o(.text)
    _memset_w                                0x000045f5   Thumb Code     0  rt_memclr_w.o(.text)
    __user_libspace                          0x00004641   Thumb Code     8  libspace.o(.text)
    __user_perproc_libspace                  0x00004641   Thumb Code     0  libspace.o(.text)
    __user_perthread_libspace                0x00004641   Thumb Code     0  libspace.o(.text)
    __user_setup_stackheap                   0x00004649   Thumb Code    74  sys_stackheap_outer.o(.text)
    exit                                     0x00004693   Thumb Code    12  exit.o(.text)
    _sys_exit                                0x000046a1   Thumb Code     8  sys_exit.o(.text)
    __rt_fp_status_addr                      0x000046ad   Thumb Code     8  rt_fp_status_addr_intlibspace.o(.text)
    __I$use$semihosting                      0x000046b5   Thumb Code     0  use_no_semi.o(.text)
    __use_no_semihosting_swi                 0x000046b5   Thumb Code     2  use_no_semi.o(.text)
    __ARM_fpclassify                         0x000046b7   Thumb Code    40  fpclassify.o(i.__ARM_fpclassify)
    __semihosting_library_function           0x000046b7   Thumb Code     0  indicate_semi.o(.text)
    __kernel_poly                            0x000046df   Thumb Code   170  poly.o(i.__kernel_poly)
    __mathlib_dbl_underflow                  0x00004789   Thumb Code    10  dunder.o(i.__mathlib_dbl_underflow)
    _is_digit                                0x00004799   Thumb Code    14  __printf_wp.o(i._is_digit)
    asin                                     0x000047a9   Thumb Code   586  asin.o(i.asin)
    atan                                     0x00004a29   Thumb Code   480  atan.o(i.atan)
    atan2                                    0x00004c4d   Thumb Code   346  atan2.o(i.atan2)
    sqrt                                     0x00004dcd   Thumb Code    76  sqrt.o(i.sqrt)
    __aeabi_dadd                             0x00004e19   Thumb Code     0  daddsub_clz.o(x$fpl$dadd)
    _dadd                                    0x00004e19   Thumb Code   332  daddsub_clz.o(x$fpl$dadd)
    __fpl_dcheck_NaN1                        0x00004f69   Thumb Code    10  dcheck1.o(x$fpl$dcheck1)
    __aeabi_ddiv                             0x00004f79   Thumb Code     0  ddiv.o(x$fpl$ddiv)
    _ddiv                                    0x00004f79   Thumb Code   552  ddiv.o(x$fpl$ddiv)
    __aeabi_d2iz                             0x00005229   Thumb Code     0  dfix.o(x$fpl$dfix)
    _dfix                                    0x00005229   Thumb Code    94  dfix.o(x$fpl$dfix)
    __aeabi_dmul                             0x00005289   Thumb Code     0  dmul.o(x$fpl$dmul)
    _dmul                                    0x00005289   Thumb Code   332  dmul.o(x$fpl$dmul)
    __fpl_dnaninf                            0x000053dd   Thumb Code   156  dnaninf.o(x$fpl$dnaninf)
    __fpl_dretinf                            0x00005479   Thumb Code    12  dretinf.o(x$fpl$dretinf)
    __aeabi_drsub                            0x00005485   Thumb Code     0  daddsub_clz.o(x$fpl$drsb)
    _drsb                                    0x00005485   Thumb Code    22  daddsub_clz.o(x$fpl$drsb)
    _dsqrt                                   0x0000549d   Thumb Code   456  dsqrt_noumaal.o(x$fpl$dsqrt)
    __aeabi_dsub                             0x00005669   Thumb Code     0  daddsub_clz.o(x$fpl$dsub)
    _dsub                                    0x00005669   Thumb Code   464  daddsub_clz.o(x$fpl$dsub)
    __aeabi_f2d                              0x0000583d   Thumb Code     0  f2d.o(x$fpl$f2d)
    _f2d                                     0x0000583d   Thumb Code    86  f2d.o(x$fpl$f2d)
    __aeabi_fadd                             0x00005895   Thumb Code     0  faddsub_clz.o(x$fpl$fadd)
    _fadd                                    0x00005895   Thumb Code   196  faddsub_clz.o(x$fpl$fadd)
    __fpl_fcheck_NaN1                        0x00005959   Thumb Code     6  fcheck1.o(x$fpl$fcheck1)
    __aeabi_fdiv                             0x00005965   Thumb Code     0  fdiv.o(x$fpl$fdiv)
    _fdiv                                    0x00005965   Thumb Code   384  fdiv.o(x$fpl$fdiv)
    __aeabi_f2iz                             0x00005ae9   Thumb Code     0  ffix.o(x$fpl$ffix)
    _ffix                                    0x00005ae9   Thumb Code    54  ffix.o(x$fpl$ffix)
    __aeabi_f2uiz                            0x00005b21   Thumb Code     0  ffixu.o(x$fpl$ffixu)
    _ffixu                                   0x00005b21   Thumb Code    62  ffixu.o(x$fpl$ffixu)
    __aeabi_i2f                              0x00005b61   Thumb Code     0  fflt_clz.o(x$fpl$fflt)
    _fflt                                    0x00005b61   Thumb Code    48  fflt_clz.o(x$fpl$fflt)
    __aeabi_ui2f                             0x00005b91   Thumb Code     0  fflt_clz.o(x$fpl$ffltu)
    _ffltu                                   0x00005b91   Thumb Code    38  fflt_clz.o(x$fpl$ffltu)
    __aeabi_fmul                             0x00005bb9   Thumb Code     0  fmul.o(x$fpl$fmul)
    _fmul                                    0x00005bb9   Thumb Code   258  fmul.o(x$fpl$fmul)
    __fpl_fnaninf                            0x00005cbb   Thumb Code   140  fnaninf.o(x$fpl$fnaninf)
    _fp_init                                 0x00005d47   Thumb Code    14  fpinit.o(x$fpl$fpinit)
    __fplib_config_pureend_doubles           0x00005d53   Thumb Code     0  fpinit.o(x$fpl$fpinit)
    __fpl_fretinf                            0x00005d55   Thumb Code    10  fretinf.o(x$fpl$fretinf)
    __aeabi_fsub                             0x00005d61   Thumb Code     0  faddsub_clz.o(x$fpl$fsub)
    _fsub                                    0x00005d61   Thumb Code   234  faddsub_clz.o(x$fpl$fsub)
    __fpl_return_NaN                         0x00005e4b   Thumb Code   100  retnan.o(x$fpl$retnan)
    __ARM_scalbn                             0x00005eaf   Thumb Code    92  scalbn.o(x$fpl$scalbn)
    __ARM_scalbnf                            0x00005f0b   Thumb Code    76  scalbnf.o(x$fpl$scalbnf)
    __fpl_cmpreturn                          0x00005f57   Thumb Code    48  trapv.o(x$fpl$trapveneer)
    __I$use$fp                               0x00005f87   Thumb Code     0  usenofp.o(x$fpl$usenofp)
    hw                                       0x00005fdc   Data          12  inv_mpu.o(.constdata)
    reg                                      0x00005fe8   Data          27  inv_mpu.o(.constdata)
    test                                     0x00006004   Data          40  inv_mpu.o(.constdata)
    __mathlib_zero                           0x00006d20   Data           8  qnan.o(.constdata)
    Region$$Table$$Base                      0x00006d28   Number         0  anon$$obj.o(Region$$Table)
    Region$$Table$$Limit                     0x00006d48   Number         0  anon$$obj.o(Region$$Table)
    SystemFrequency                          0x10000000   Data           4  system_lpc17xx.o(.data)
    gLen                                     0x10000004   Data           1  main.o(.data)
    ruleGroupNum                             0x10000006   Data           2  main.o(.data)
    matchStage                               0x10000008   Data           3  main.o(.data)
    matchedRotateAngle                       0x1000000c   Data           6  main.o(.data)
    g_iRunTime                               0x10000018   Data           4  bsp_timer.o(.data)
    I2C_sla                                  0x1000001c   Data           1  i2cint.o(.data)
    I2C_suba_num                             0x1000001d   Data           1  i2cint.o(.data)
    I2C_end                                  0x1000001e   Data           1  i2cint.o(.data)
    I2C_suba_en                              0x1000001f   Data           1  i2cint.o(.data)
    I2C_suba                                 0x10000020   Data           4  i2cint.o(.data)
    I2C_buf                                  0x10000024   Data           4  i2cint.o(.data)
    I2C_num                                  0x10000028   Data           4  i2cint.o(.data)
    sta                                      0x1000002c   Data           1  nrf24l01.o(.data)
    TxAddr                                   0x1000002d   Data           5  nrf24l01.o(.data)
    RxAddr                                   0x10000032   Data           5  nrf24l01.o(.data)
    q0                                       0x10000038   Data           4  mpu6050_user.o(.data)
    q1                                       0x1000003c   Data           4  mpu6050_user.o(.data)
    q2                                       0x10000040   Data           4  mpu6050_user.o(.data)
    q3                                       0x10000044   Data           4  mpu6050_user.o(.data)
    mpuDat                                   0x10000080   Data          96  main.o(.bss)
    buf                                      0x100000e0   Data         128  main.o(.bss)
    DestRule                                 0x10000160   Data         120  main.o(.bss)
    paramin                                  0x100005d8   Data          32  iap.o(.bss)
    paramout                                 0x100005f8   Data          32  iap.o(.bss)
    g_Tmr                                    0x10000618   Data          32  bsp_timer.o(.bss)
    __libspace_start                         0x10000670   Data          96  libspace.o(.bss)
    __temporary_stack_top$libspace           0x100006d0   Data           0  libspace.o(.bss)



==============================================================================

Memory Map of the image

  Image Entry point : 0x00000301

  Load Region LR_1 (Base: 0x00000000, Size: 0x00006dc8, Max: 0xffffffff, ABSOLUTE)

    Execution Region ER_RO (Base: 0x00000000, Size: 0x00006d48, Max: 0xffffffff, ABSOLUTE)

    Base Addr    Size         Type   Attr      Idx    E Section Name        Object

    0x00000000   0x000000cc   Data   RO           43    RESET               startup_lpc17xx.o
    0x000000cc   0x00000008   Code   RO          401  * !!!main             c_w.l(__main.o)
    0x000000d4   0x00000034   Code   RO          702    !!!scatter          c_w.l(__scatter.o)
    0x00000108   0x0000001a   Code   RO          704    !!handler_copy      c_w.l(__scatter_copy.o)
    0x00000122   0x00000002   PAD
    0x00000124   0x0000001c   Code   RO          706    !!handler_zi        c_w.l(__scatter_zi.o)
    0x00000140   0x00000000   Code   RO          394    .ARM.Collect$$_printf_percent$$00000000  c_w.l(_printf_percent.o)
    0x00000140   0x00000006   Code   RO          393    .ARM.Collect$$_printf_percent$$00000009  c_w.l(_printf_d.o)
    0x00000146   0x00000004   Code   RO          470    .ARM.Collect$$_printf_percent$$00000017  c_w.l(_printf_percent_end.o)
    0x0000014a   0x00000006   Code   RO          571    .ARM.Collect$$libinit$$00000000  c_w.l(libinit.o)
    0x00000150   0x00000000   Code   RO          586    .ARM.Collect$$libinit$$00000006  c_w.l(libinit2.o)
    0x00000150   0x00000000   Code   RO          588    .ARM.Collect$$libinit$$00000008  c_w.l(libinit2.o)
    0x00000150   0x00000000   Code   RO          590    .ARM.Collect$$libinit$$0000000A  c_w.l(libinit2.o)
    0x00000150   0x00000000   Code   RO          593    .ARM.Collect$$libinit$$0000000D  c_w.l(libinit2.o)
    0x00000150   0x00000000   Code   RO          595    .ARM.Collect$$libinit$$0000000F  c_w.l(libinit2.o)
    0x00000150   0x00000000   Code   RO          597    .ARM.Collect$$libinit$$00000011  c_w.l(libinit2.o)
    0x00000150   0x00000000   Code   RO          599    .ARM.Collect$$libinit$$00000013  c_w.l(libinit2.o)
    0x00000150   0x00000000   Code   RO          601    .ARM.Collect$$libinit$$00000015  c_w.l(libinit2.o)
    0x00000150   0x00000000   Code   RO          603    .ARM.Collect$$libinit$$00000017  c_w.l(libinit2.o)
    0x00000150   0x00000000   Code   RO          605    .ARM.Collect$$libinit$$00000019  c_w.l(libinit2.o)
    0x00000150   0x00000000   Code   RO          607    .ARM.Collect$$libinit$$0000001B  c_w.l(libinit2.o)
    0x00000150   0x00000000   Code   RO          609    .ARM.Collect$$libinit$$0000001D  c_w.l(libinit2.o)
    0x00000150   0x00000000   Code   RO          611    .ARM.Collect$$libinit$$0000001F  c_w.l(libinit2.o)
    0x00000150   0x00000000   Code   RO          613    .ARM.Collect$$libinit$$00000021  c_w.l(libinit2.o)
    0x00000150   0x00000000   Code   RO          617    .ARM.Collect$$libinit$$00000028  c_w.l(libinit2.o)
    0x00000150   0x00000000   Code   RO          619    .ARM.Collect$$libinit$$0000002A  c_w.l(libinit2.o)
    0x00000150   0x00000000   Code   RO          621    .ARM.Collect$$libinit$$0000002C  c_w.l(libinit2.o)
    0x00000150   0x00000000   Code   RO          623    .ARM.Collect$$libinit$$0000002E  c_w.l(libinit2.o)
    0x00000150   0x00000002   Code   RO          624    .ARM.Collect$$libinit$$0000002F  c_w.l(libinit2.o)
    0x00000152   0x00000002   Code   RO          660    .ARM.Collect$$libshutdown$$00000000  c_w.l(libshutdown.o)
    0x00000154   0x00000000   Code   RO          687    .ARM.Collect$$libshutdown$$00000003  c_w.l(libshutdown2.o)
    0x00000154   0x00000000   Code   RO          690    .ARM.Collect$$libshutdown$$00000006  c_w.l(libshutdown2.o)
    0x00000154   0x00000000   Code   RO          693    .ARM.Collect$$libshutdown$$00000009  c_w.l(libshutdown2.o)
    0x00000154   0x00000000   Code   RO          695    .ARM.Collect$$libshutdown$$0000000B  c_w.l(libshutdown2.o)
    0x00000154   0x00000000   Code   RO          698    .ARM.Collect$$libshutdown$$0000000E  c_w.l(libshutdown2.o)
    0x00000154   0x00000002   Code   RO          699    .ARM.Collect$$libshutdown$$0000000F  c_w.l(libshutdown2.o)
    0x00000156   0x00000000   Code   RO          457    .ARM.Collect$$rtentry$$00000000  c_w.l(rtentry.o)
    0x00000156   0x00000000   Code   RO          522    .ARM.Collect$$rtentry$$00000002  c_w.l(rtentry2.o)
    0x00000156   0x00000006   Code   RO          534    .ARM.Collect$$rtentry$$00000004  c_w.l(rtentry4.o)
    0x0000015c   0x00000000   Code   RO          524    .ARM.Collect$$rtentry$$00000009  c_w.l(rtentry2.o)
    0x0000015c   0x00000004   Code   RO          525    .ARM.Collect$$rtentry$$0000000A  c_w.l(rtentry2.o)
    0x00000160   0x00000000   Code   RO          527    .ARM.Collect$$rtentry$$0000000C  c_w.l(rtentry2.o)
    0x00000160   0x00000008   Code   RO          528    .ARM.Collect$$rtentry$$0000000D  c_w.l(rtentry2.o)
    0x00000168   0x00000002   Code   RO          576    .ARM.Collect$$rtexit$$00000000  c_w.l(rtexit.o)
    0x0000016a   0x00000000   Code   RO          630    .ARM.Collect$$rtexit$$00000002  c_w.l(rtexit2.o)
    0x0000016a   0x00000004   Code   RO          631    .ARM.Collect$$rtexit$$00000003  c_w.l(rtexit2.o)
    0x0000016e   0x00000006   Code   RO          632    .ARM.Collect$$rtexit$$00000004  c_w.l(rtexit2.o)
    0x00000174   0x0000015c   Code   RO           17    .text               system_lpc17xx.o
    0x000002d0   0x0000002c   Code   RO          363    .text               c_w.l(__2sprintf.o)
    0x000002fc   0x00000004   Code   RO           44    .ARM.__at_0x02FC    startup_lpc17xx.o
    0x00000300   0x00000034   Code   RO           45  * .text               startup_lpc17xx.o
    0x00000334   0x00000848   Code   RO           51    .text               main.o
    0x00000b7c   0x00000164   Code   RO          122    .text               iap.o
    0x00000ce0   0x00000154   Code   RO          141    .text               bsp_timer.o
    0x00000e34   0x000002d8   Code   RO          167    .text               i2cint.o
    0x0000110c   0x0000009c   Code   RO          188    .text               uart0.o
    0x000011a8   0x00000334   Code   RO          204    .text               nrf24l01.o
    0x000014dc   0x00000164   Code   RO          223    .text               pt2260.o
    0x00001640   0x0000079c   Code   RO          238    .text               mpu6050_user.o
    0x00001ddc   0x000016b4   Code   RO          264    .text               inv_mpu.o
    0x00003490   0x00000a6c   Code   RO          302    .text               inv_mpu_dmp_motion_driver.o
    0x00003efc   0x0000005c   Code   RO          327    .text               bsp_gpioout.o
    0x00003f58   0x00000148   Code   RO          342    .text               bsp_key.o
    0x000040a0   0x000000ee   Code   RO          359    .text               c_w.l(lludivv7m.o)
    0x0000418e   0x00000048   Code   RO          361    .text               c_w.l(llsdiv.o)
    0x000041d6   0x00000052   Code   RO          369    .text               c_w.l(_printf_pad.o)
    0x00004228   0x00000078   Code   RO          371    .text               c_w.l(_printf_dec.o)
    0x000042a0   0x0000018c   Code   RO          390    .text               c_w.l(__printf_flags_ss_wp.o)
    0x0000442c   0x00000058   Code   RO          395    .text               c_w.l(memcmp.o)
    0x00004484   0x00000010   Code   RO          397    .text               c_w.l(aeabi_memset.o)
    0x00004494   0x00000006   Code   RO          399    .text               c_w.l(heapauxi.o)
    0x0000449a   0x00000016   Code   RO          462    .text               c_w.l(_rserrno.o)
    0x000044b0   0x000000b8   Code   RO          464    .text               c_w.l(_printf_intcommon.o)
    0x00004568   0x00000030   Code   RO          466    .text               c_w.l(_printf_char_common.o)
    0x00004598   0x0000000a   Code   RO          468    .text               c_w.l(_sputc.o)
    0x000045a2   0x00000044   Code   RO          471    .text               c_w.l(rt_memclr.o)
    0x000045e6   0x00000002   PAD
    0x000045e8   0x00000008   Code   RO          541    .text               c_w.l(rt_errno_addr_intlibspace.o)
    0x000045f0   0x0000004e   Code   RO          545    .text               c_w.l(rt_memclr_w.o)
    0x0000463e   0x00000002   PAD
    0x00004640   0x00000008   Code   RO          555    .text               c_w.l(libspace.o)
    0x00004648   0x0000004a   Code   RO          558    .text               c_w.l(sys_stackheap_outer.o)
    0x00004692   0x0000000c   Code   RO          560    .text               c_w.l(exit.o)
    0x0000469e   0x00000002   PAD
    0x000046a0   0x0000000c   Code   RO          627    .text               c_w.l(sys_exit.o)
    0x000046ac   0x00000008   Code   RO          639    .text               c_w.l(rt_fp_status_addr_intlibspace.o)
    0x000046b4   0x00000002   Code   RO          649    .text               c_w.l(use_no_semi.o)
    0x000046b6   0x00000000   Code   RO          651    .text               c_w.l(indicate_semi.o)
    0x000046b6   0x00000028   Code   RO          508    i.__ARM_fpclassify  m_ws.l(fpclassify.o)
    0x000046de   0x000000aa   Code   RO          510    i.__kernel_poly     m_ws.l(poly.o)
    0x00004788   0x00000010   Code   RO          506    i.__mathlib_dbl_underflow  m_ws.l(dunder.o)
    0x00004798   0x0000000e   Code   RO          383    i._is_digit         c_w.l(__printf_wp.o)
    0x000047a6   0x00000002   PAD
    0x000047a8   0x00000280   Code   RO          440    i.asin              m_ws.l(asin.o)
    0x00004a28   0x00000224   Code   RO          497    i.atan              m_ws.l(atan.o)
    0x00004c4c   0x00000180   Code   RO          450    i.atan2             m_ws.l(atan2.o)
    0x00004dcc   0x0000004c   Code   RO          514    i.sqrt              m_ws.l(sqrt.o)
    0x00004e18   0x00000150   Code   RO          473    x$fpl$dadd          fz_ws.l(daddsub_clz.o)
    0x00004f68   0x00000010   Code   RO          547    x$fpl$dcheck1       fz_ws.l(dcheck1.o)
    0x00004f78   0x000002b0   Code   RO          480    x$fpl$ddiv          fz_ws.l(ddiv.o)
    0x00005228   0x0000005e   Code   RO          403    x$fpl$dfix          fz_ws.l(dfix.o)
    0x00005286   0x00000002   PAD
    0x00005288   0x00000154   Code   RO          407    x$fpl$dmul          fz_ws.l(dmul.o)
    0x000053dc   0x0000009c   Code   RO          483    x$fpl$dnaninf       fz_ws.l(dnaninf.o)
    0x00005478   0x0000000c   Code   RO          485    x$fpl$dretinf       fz_ws.l(dretinf.o)
    0x00005484   0x00000016   Code   RO          474    x$fpl$drsb          fz_ws.l(daddsub_clz.o)
    0x0000549a   0x00000002   PAD
    0x0000549c   0x000001cc   Code   RO          551    x$fpl$dsqrt         fz_ws.l(dsqrt_noumaal.o)
    0x00005668   0x000001d4   Code   RO          475    x$fpl$dsub          fz_ws.l(daddsub_clz.o)
    0x0000583c   0x00000056   Code   RO          409    x$fpl$f2d           fz_ws.l(f2d.o)
    0x00005892   0x00000002   PAD
    0x00005894   0x000000c4   Code   RO          411    x$fpl$fadd          fz_ws.l(faddsub_clz.o)
    0x00005958   0x0000000c   Code   RO          487    x$fpl$fcheck1       fz_ws.l(fcheck1.o)
    0x00005964   0x00000184   Code   RO          418    x$fpl$fdiv          fz_ws.l(fdiv.o)
    0x00005ae8   0x00000036   Code   RO          421    x$fpl$ffix          fz_ws.l(ffix.o)
    0x00005b1e   0x00000002   PAD
    0x00005b20   0x0000003e   Code   RO          425    x$fpl$ffixu         fz_ws.l(ffixu.o)
    0x00005b5e   0x00000002   PAD
    0x00005b60   0x00000030   Code   RO          430    x$fpl$fflt          fz_ws.l(fflt_clz.o)
    0x00005b90   0x00000026   Code   RO          429    x$fpl$ffltu         fz_ws.l(fflt_clz.o)
    0x00005bb6   0x00000002   PAD
    0x00005bb8   0x00000102   Code   RO          435    x$fpl$fmul          fz_ws.l(fmul.o)
    0x00005cba   0x0000008c   Code   RO          489    x$fpl$fnaninf       fz_ws.l(fnaninf.o)
    0x00005d46   0x0000000e   Code   RO          625    x$fpl$fpinit        fz_ws.l(fpinit.o)
    0x00005d54   0x0000000a   Code   RO          491    x$fpl$fretinf       fz_ws.l(fretinf.o)
    0x00005d5e   0x00000002   PAD
    0x00005d60   0x000000ea   Code   RO          413    x$fpl$fsub          fz_ws.l(faddsub_clz.o)
    0x00005e4a   0x00000064   Code   RO          553    x$fpl$retnan        fz_ws.l(retnan.o)
    0x00005eae   0x0000005c   Code   RO          493    x$fpl$scalbn        fz_ws.l(scalbn.o)
    0x00005f0a   0x0000004c   Code   RO          437    x$fpl$scalbnf       fz_ws.l(scalbnf.o)
    0x00005f56   0x00000030   Code   RO          574    x$fpl$trapveneer    fz_ws.l(trapv.o)
    0x00005f86   0x00000000   Code   RO          495    x$fpl$usenofp       fz_ws.l(usenofp.o)
    0x00005f86   0x00000002   PAD
    0x00005f88   0x00000054   Data   RO           53    .constdata          main.o
    0x00005fdc   0x0000000c   Data   RO          265    .constdata          inv_mpu.o
    0x00005fe8   0x0000001b   Data   RO          266    .constdata          inv_mpu.o
    0x00006003   0x00000001   PAD
    0x00006004   0x00000028   Data   RO          267    .constdata          inv_mpu.o
    0x0000602c   0x00000bf6   Data   RO          304    .constdata          inv_mpu_dmp_motion_driver.o
    0x00006c22   0x00000011   Data   RO          391    .constdata          c_w.l(__printf_flags_ss_wp.o)
    0x00006c33   0x00000005   PAD
    0x00006c38   0x00000050   Data   RO          441    .constdata          m_ws.l(asin.o)
    0x00006c88   0x00000098   Data   RO          498    .constdata          m_ws.l(atan.o)
    0x00006d20   0x00000008   Data   RO          512    .constdata          m_ws.l(qnan.o)
    0x00006d28   0x00000020   Data   RO          700    Region$$Table       anon$$obj.o


    Execution Region ER_RW (Base: 0x10000000, Size: 0x00000080, Max: 0xffffffff, ABSOLUTE)

    Base Addr    Size         Type   Attr      Idx    E Section Name        Object

    0x10000000   0x00000004   Data   RW           18    .data               system_lpc17xx.o
    0x10000004   0x0000000e   Data   RW           54    .data               main.o
    0x10000012   0x00000002   PAD
    0x10000014   0x00000008   Data   RW          143    .data               bsp_timer.o
    0x1000001c   0x00000010   Data   RW          168    .data               i2cint.o
    0x1000002c   0x0000000b   Data   RW          205    .data               nrf24l01.o
    0x10000037   0x00000001   PAD
    0x10000038   0x00000019   Data   RW          239    .data               mpu6050_user.o
    0x10000051   0x00000003   PAD
    0x10000054   0x0000002c   Data   RW          268    .data               inv_mpu.o


    Execution Region ER_ZI (Base: 0x10000080, Size: 0x00000a50, Max: 0xffffffff, ABSOLUTE)

    Base Addr    Size         Type   Attr      Idx    E Section Name        Object

    0x10000080   0x00000558   Zero   RW           52    .bss                main.o
    0x100005d8   0x00000040   Zero   RW          123    .bss                iap.o
    0x10000618   0x00000020   Zero   RW          142    .bss                bsp_timer.o
    0x10000638   0x00000010   Zero   RW          303    .bss                inv_mpu_dmp_motion_driver.o
    0x10000648   0x00000026   Zero   RW          343    .bss                bsp_key.o
    0x1000066e   0x00000002   PAD
    0x10000670   0x00000060   Zero   RW          556    .bss                c_w.l(libspace.o)
    0x100006d0   0x00000000   Zero   RW           42    HEAP                startup_lpc17xx.o
    0x100006d0   0x00000400   Zero   RW           41    STACK               startup_lpc17xx.o


==============================================================================

Image component sizes


      Code (inc. data)   RO Data    RW Data    ZI Data      Debug   Object Name

        92         10          0          0          0        726   bsp_gpioout.o
       328         12          0          0         38       2598   bsp_key.o
       340         20          0          8         32       9156   bsp_timer.o
         0          0          0          0          0       4256   core_cm3.o
       728         42          0         16          0       9073   i2cint.o
       356         14          0          0         64       2914   iap.o
      5812         90         79         44          0      22048   inv_mpu.o
      2668        118       3062          0         16      15245   inv_mpu_dmp_motion_driver.o
      2120        656         84         14       1368      23457   main.o
      1948        206          0         25          0      11511   mpu6050_user.o
       820         16          0         11          0       4355   nrf24l01.o
       356         10          0          0          0        876   pt2260.o
        56         22        204          0       1024       1016   startup_lpc17xx.o
       348         30          0          4          0        855   system_lpc17xx.o
       156         18          0          0          0       1738   uart0.o

    ----------------------------------------------------------------------
     16128       1264       3462        128       2544     109824   Object Totals
         0          0         32          0          0          0   (incl. Generated)
         0          0          1          6          2          0   (incl. Padding)

    ----------------------------------------------------------------------

      Code (inc. data)   RO Data    RW Data    ZI Data      Debug   Library Member Name

        44          6          0          0          0         84   __2sprintf.o
         8          0          0          0          0         68   __main.o
       396          6         17          0          0         92   __printf_flags_ss_wp.o
        14          0          0          0          0         68   __printf_wp.o
        52          8          0          0          0          0   __scatter.o
        26          0          0          0          0          0   __scatter_copy.o
        28          0          0          0          0          0   __scatter_zi.o
        48          6          0          0          0         96   _printf_char_common.o
         6          0          0          0          0          0   _printf_d.o
       120         18          0          0          0         92   _printf_dec.o
       184          0          0          0          0         88   _printf_intcommon.o
        82          0          0          0          0        108   _printf_pad.o
         0          0          0          0          0          0   _printf_percent.o
         4          0          0          0          0          0   _printf_percent_end.o
        22          0          0          0          0        100   _rserrno.o
        10          0          0          0          0         68   _sputc.o
        16          0          0          0          0         68   aeabi_memset.o
        12          0          0          0          0         72   exit.o
         6          0          0          0          0        152   heapauxi.o
         0          0          0          0          0          0   indicate_semi.o
         6          0          0          0          0          0   libinit.o
         2          0          0          0          0          0   libinit2.o
         2          0          0          0          0          0   libshutdown.o
         2          0          0          0          0          0   libshutdown2.o
         8          4          0          0         96         68   libspace.o
        72          0          0          0          0         76   llsdiv.o
       238          0          0          0          0        100   lludivv7m.o
        88          0          0          0          0         76   memcmp.o
         8          4          0          0          0         68   rt_errno_addr_intlibspace.o
         8          4          0          0          0         68   rt_fp_status_addr_intlibspace.o
        68          0          0          0          0         68   rt_memclr.o
        78          0          0          0          0         80   rt_memclr_w.o
         0          0          0          0          0          0   rtentry.o
        12          0          0          0          0          0   rtentry2.o
         6          0          0          0          0          0   rtentry4.o
         2          0          0          0          0          0   rtexit.o
        10          0          0          0          0          0   rtexit2.o
        12          4          0          0          0         68   sys_exit.o
        74          0          0          0          0         80   sys_stackheap_outer.o
         2          0          0          0          0         68   use_no_semi.o
       826         16          0          0          0        356   daddsub_clz.o
        16          4          0          0          0         68   dcheck1.o
       688        140          0          0          0        212   ddiv.o
        94          4          0          0          0         92   dfix.o
       340         12          0          0          0        104   dmul.o
       156          4          0          0          0         92   dnaninf.o
        12          0          0          0          0         68   dretinf.o
       460         56          0          0          0        120   dsqrt_noumaal.o
        86          4          0          0          0         84   f2d.o
       430          8          0          0          0        168   faddsub_clz.o
        12          4          0          0          0         68   fcheck1.o
       388         76          0          0          0         96   fdiv.o
        54          4          0          0          0         84   ffix.o
        62          4          0          0          0         84   ffixu.o
        86          0          0          0          0        136   fflt_clz.o
       258          4          0          0          0         84   fmul.o
       140          4          0          0          0         84   fnaninf.o
        14          0          0          0          0         76   fpinit.o
        10          0          0          0          0         68   fretinf.o
       100          0          0          0          0         68   retnan.o
        92          0          0          0          0         68   scalbn.o
        76          0          0          0          0         68   scalbnf.o
        48          0          0          0          0         68   trapv.o
         0          0          0          0          0          0   usenofp.o
       640         54         80          0          0        176   asin.o
       548         68        152          0          0        128   atan.o
       384         38          0          0          0        144   atan2.o
        16          6          0          0          0         68   dunder.o
        40          0          0          0          0         68   fpclassify.o
       170          0          0          0          0         96   poly.o
         0          0          8          0          0          0   qnan.o
        76          0          0          0          0         84   sqrt.o

    ----------------------------------------------------------------------
      8124        570        262          0         96       5156   Library Totals
        26          0          5          0          0          0   (incl. Padding)

    ----------------------------------------------------------------------

      Code (inc. data)   RO Data    RW Data    ZI Data      Debug   Library Name

      1776         60         17          0         96       1976   c_w.l
      4448        344          0          0          0       2416   fz_ws.l
      1874        166        240          0          0        764   m_ws.l

    ----------------------------------------------------------------------
      8124        570        262          0         96       5156   Library Totals

    ----------------------------------------------------------------------

==============================================================================


      Code (inc. data)   RO Data    RW Data    ZI Data      Debug   

     24252       1834       3724        128       2640     110612   Grand Totals
     24252       1834       3724        128       2640     110612   ELF Image Totals
     24252       1834       3724        128          0          0   ROM Totals

==============================================================================

    Total RO  Size (Code + RO Data)                27976 (  27.32kB)
    Total RW  Size (RW Data + ZI Data)              2768 (   2.70kB)
    Total ROM Size (Code + RO Data + RW Data)      28104 (  27.45kB)

==============================================================================

